This is pdfTeX, Version 3.141592653-2.6-1.40.25 (TeX Live 2023) (preloaded format=latex 2024.2.25)  1 MAY 2024 22:51
entering extended mode
 restricted \write18 enabled.
 %&-line parsing enabled.
**\makeatletter\def\HCode{\futurelet\HCode\HChar}\def\HChar{\ifx"\HCode\def\HCo
de"##1"{\Link##1}\expandafter\HCode\else\expandafter\Link\fi}\def\Link#1.a.b.c.
{\g@addto@macro\@documentclasshook{\RequirePackage[#1,html]{tex4ht}}\let\HCode\
documentstyle\def\documentstyle{\let\documentstyle\HCode\expandafter\def\csname
 tex4ht\endcsname{#1,html}\def\HCode####1{\documentstyle[tex4ht,}\@ifnextchar[{
\HCode}{\documentstyle[tex4ht]}}}\makeatother\HCode .a.b.c.\input  test.tex
 (./test.tex
(/usr/local/texlive/2023/texmf-dist/tex/latex/base/article.cls
Document Class: article 2022/07/02 v1.4n Standard LaTeX document class
(/usr/local/texlive/2023/texmf-dist/tex/latex/base/size10.clo
File: size10.clo 2022/07/02 v1.4n Standard LaTeX file (size option)
)
\c@part=\count185
\c@section=\count186
\c@subsection=\count187
\c@subsubsection=\count188
\c@paragraph=\count189
\c@subparagraph=\count190
\c@figure=\count191
\c@table=\count192
\abovecaptionskip=\skip48
\belowcaptionskip=\skip49
\bibindent=\dimen140
)
(/usr/local/texlive/2023/texmf-dist/tex/generic/tex4ht/tex4ht.sty
version 2023-02-03-14:48
Package: tex4ht 
--------------------------------------
--- Note --- for _ at preamble, use the command line option `early_'
--------------------------------------
--------------------------------------
--- Note --- for ^ at preamble, use the command line option `early^'
--------------------------------------
\tmp:toks=\toks16
)
(/usr/local/texlive/2023/texmf-dist/tex/generic/tex4ht/usepackage.4ht
version 2023-01-12-14:08
)
(/usr/local/texlive/2023/texmf-dist/tex/generic/tex4ht/hyperref-hooks.4ht
version 2022-06-20-14:19
)
(/usr/local/texlive/2023/texmf-dist/tex/latex/hyperref/hyperref.sty
Package: hyperref 2023-02-07 v7.00v Hypertext links for LaTeX

(/usr/local/texlive/2023/texmf-dist/tex/generic/ltxcmds/ltxcmds.sty
Package: ltxcmds 2020-05-10 v1.25 LaTeX kernel commands for general use (HO)
)
(/usr/local/texlive/2023/texmf-dist/tex/generic/iftex/iftex.sty
Package: iftex 2022/02/03 v1.0f TeX engine tests
)
(/usr/local/texlive/2023/texmf-dist/tex/generic/pdftexcmds/pdftexcmds.sty
Package: pdftexcmds 2020-06-27 v0.33 Utility functions of pdfTeX for LuaTeX (HO
)

(/usr/local/texlive/2023/texmf-dist/tex/generic/infwarerr/infwarerr.sty
Package: infwarerr 2019/12/03 v1.5 Providing info/warning/error messages (HO)
)
Package pdftexcmds Info: \pdf@primitive is available.
Package pdftexcmds Info: \pdf@ifprimitive is available.
Package pdftexcmds Info: \pdfdraftmode is ignored in DVI mode.
)
(/usr/local/texlive/2023/texmf-dist/tex/latex/graphics/keyval.sty
Package: keyval 2022/05/29 v1.15 key=value parser (DPC)
\KV@toks@=\toks17
)
(/usr/local/texlive/2023/texmf-dist/tex/latex/kvsetkeys/kvsetkeys.sty
Package: kvsetkeys 2022-10-05 v1.19 Key value parser (HO)
)
(/usr/local/texlive/2023/texmf-dist/tex/generic/kvdefinekeys/kvdefinekeys.sty
Package: kvdefinekeys 2019-12-19 v1.6 Define keys (HO)
)
(/usr/local/texlive/2023/texmf-dist/tex/generic/pdfescape/pdfescape.sty
Package: pdfescape 2019/12/09 v1.15 Implements pdfTeX's escape features (HO)
)
(/usr/local/texlive/2023/texmf-dist/tex/latex/hycolor/hycolor.sty
Package: hycolor 2020-01-27 v1.10 Color options for hyperref/bookmark (HO)
)
(/usr/local/texlive/2023/texmf-dist/tex/latex/letltxmacro/letltxmacro.sty
Package: letltxmacro 2019/12/03 v1.6 Let assignment for LaTeX macros (HO)
)
(/usr/local/texlive/2023/texmf-dist/tex/latex/auxhook/auxhook.sty
Package: auxhook 2019-12-17 v1.6 Hooks for auxiliary files (HO)


Package auxhook Warning: Cannot patch \document,
(auxhook)                using \AtBeginDocument instead.

) (/usr/local/texlive/2023/texmf-dist/tex/latex/hyperref/nameref.sty
Package: nameref 2022-05-17 v2.50 Cross-referencing by name of section

(/usr/local/texlive/2023/texmf-dist/tex/latex/refcount/refcount.sty
Package: refcount 2019/12/15 v3.6 Data extraction from label references (HO)
)
(/usr/local/texlive/2023/texmf-dist/tex/generic/gettitlestring/gettitlestring.s
ty
Package: gettitlestring 2019/12/15 v1.6 Cleanup title references (HO)
 (/usr/local/texlive/2023/texmf-dist/tex/latex/kvoptions/kvoptions.sty
Package: kvoptions 2022-06-15 v3.15 Key value format for package options (HO)
))
\c@section@level=\count193
)
\@linkdim=\dimen141
\Hy@linkcounter=\count194
\Hy@pagecounter=\count195

(/usr/local/texlive/2023/texmf-dist/tex/latex/hyperref/pd1enc.def
File: pd1enc.def 2023-02-07 v7.00v Hyperref: PDFDocEncoding definition (HO)
Now handling font encoding PD1 ...
... no UTF-8 mapping file for font encoding PD1
)
(/usr/local/texlive/2023/texmf-dist/tex/generic/intcalc/intcalc.sty
Package: intcalc 2019/12/15 v1.3 Expandable calculations with integers (HO)
)
(/usr/local/texlive/2023/texmf-dist/tex/generic/etexcmds/etexcmds.sty
Package: etexcmds 2019/12/15 v1.7 Avoid name clashes with e-TeX commands (HO)
)
\Hy@SavedSpaceFactor=\count196

(/usr/local/texlive/2023/texmf-dist/tex/latex/hyperref/puenc.def
File: puenc.def 2023-02-07 v7.00v Hyperref: PDF Unicode definition (HO)
Now handling font encoding PU ...
... no UTF-8 mapping file for font encoding PU
)
Package hyperref Info: Option `colorlinks' set `true' on input line 4060.
Package hyperref Info: Hyper figures OFF on input line 4177.
Package hyperref Info: Link nesting OFF on input line 4182.
Package hyperref Info: Hyper index ON on input line 4185.
Package hyperref Info: Plain pages OFF on input line 4192.
Package hyperref Info: Backreferencing OFF on input line 4197.
Package hyperref Info: Implicit mode ON; LaTeX internals redefined.
Package hyperref Info: Bookmarks ON on input line 4425.
\c@Hy@tempcnt=\count197

(/usr/local/texlive/2023/texmf-dist/tex/latex/url/url.sty
\Urlmuskip=\muskip16
Package: url 2013/09/16  ver 3.4  Verb mode for urls, etc.
)
LaTeX Info: Redefining \url on input line 4763.
\XeTeXLinkMargin=\dimen142

(/usr/local/texlive/2023/texmf-dist/tex/generic/bitset/bitset.sty
Package: bitset 2019/12/09 v1.3 Handle bit-vector datatype (HO)

(/usr/local/texlive/2023/texmf-dist/tex/generic/bigintcalc/bigintcalc.sty
Package: bigintcalc 2019/12/15 v1.5 Expandable calculations on big integers (HO
)
))
\Fld@menulength=\count198
\Field@Width=\dimen143
\Fld@charsize=\dimen144
\Field@toks=\toks18
Package hyperref Info: Hyper figures OFF on input line 6042.
Package hyperref Info: Link nesting OFF on input line 6047.
Package hyperref Info: Hyper index ON on input line 6050.
Package hyperref Info: backreferencing OFF on input line 6057.
Package hyperref Info: Link coloring ON on input line 6060.
Package hyperref Info: Link coloring with OCG OFF on input line 6067.
Package hyperref Info: PDF/A mode OFF on input line 6072.

(/usr/local/texlive/2023/texmf-dist/tex/latex/base/atbegshi-ltx.sty
Package: atbegshi-ltx 2021/01/10 v1.0c Emulation of the original atbegshi
package with kernel methods
)
\Hy@abspage=\count199


Package hyperref Message: Stopped early.

)
Package hyperref Info: Driver: htex4ht.
 (/usr/local/texlive/2023/texmf-dist/tex/latex/hyperref/htex4ht.def
File: htex4ht.def 2023-02-07 v7.00v Hyperref driver for TeX4ht
Package hyperref Info: tex4ht is already loaded.
)
(/usr/local/texlive/2023/texmf-dist/tex/latex/amsmath/amsmath.sty
Package: amsmath 2022/04/08 v2.17n AMS math features
\@mathmargin=\skip50

For additional information on amsmath, use the `?' option.
(/usr/local/texlive/2023/texmf-dist/tex/latex/amsmath/amstext.sty
Package: amstext 2021/08/26 v2.01 AMS text

(/usr/local/texlive/2023/texmf-dist/tex/latex/amsmath/amsgen.sty
File: amsgen.sty 1999/11/30 v2.0 generic functions
\@emptytoks=\toks19
\ex@=\dimen145
))
(/usr/local/texlive/2023/texmf-dist/tex/latex/amsmath/amsbsy.sty
Package: amsbsy 1999/11/29 v1.2d Bold Symbols
\pmbraise@=\dimen146
)
(/usr/local/texlive/2023/texmf-dist/tex/latex/amsmath/amsopn.sty
Package: amsopn 2022/04/08 v2.04 operator names
)
\inf@bad=\count266
LaTeX Info: Redefining \frac on input line 234.
\uproot@=\count267
\leftroot@=\count268
LaTeX Info: Redefining \overline on input line 399.
LaTeX Info: Redefining \colon on input line 410.
\classnum@=\count269
\DOTSCASE@=\count270
LaTeX Info: Redefining \ldots on input line 496.
LaTeX Info: Redefining \dots on input line 499.
LaTeX Info: Redefining \cdots on input line 620.
\Mathstrutbox@=\box51
\strutbox@=\box52
LaTeX Info: Redefining \big on input line 722.
LaTeX Info: Redefining \Big on input line 723.
LaTeX Info: Redefining \bigg on input line 724.
LaTeX Info: Redefining \Bigg on input line 725.
\big@size=\dimen147
LaTeX Font Info:    Redeclaring font encoding OML on input line 743.
LaTeX Font Info:    Redeclaring font encoding OMS on input line 744.
\macc@depth=\count271
LaTeX Info: Redefining \bmod on input line 905.
LaTeX Info: Redefining \pmod on input line 910.
LaTeX Info: Redefining \smash on input line 940.
LaTeX Info: Redefining \relbar on input line 970.
LaTeX Info: Redefining \Relbar on input line 971.
\c@MaxMatrixCols=\count272
\dotsspace@=\muskip17
\c@parentequation=\count273
\dspbrk@lvl=\count274
\tag@help=\toks20
\row@=\count275
\column@=\count276
\maxfields@=\count277
\andhelp@=\toks21
\eqnshift@=\dimen148
\alignsep@=\dimen149
\tagshift@=\dimen150
\tagwidth@=\dimen151
\totwidth@=\dimen152
\lineht@=\dimen153
\@envbody=\toks22
\multlinegap=\skip51
\multlinetaggap=\skip52
\mathdisplay@stack=\toks23
LaTeX Info: Redefining \[ on input line 2953.
LaTeX Info: Redefining \] on input line 2954.
)
(/usr/local/texlive/2023/texmf-dist/tex/latex/amscls/amsthm.sty
Package: amsthm 2020/05/29 v2.20.6
\thm@style=\toks24
\thm@bodyfont=\toks25
\thm@headfont=\toks26
\thm@notefont=\toks27
\thm@headpunct=\toks28
\thm@preskip=\skip53
\thm@postskip=\skip54
\thm@headsep=\skip55
\dth@everypar=\toks29
)
(/usr/local/texlive/2023/texmf-dist/tex/latex/amsfonts/amssymb.sty
Package: amssymb 2013/01/14 v3.01 AMS font symbols

(/usr/local/texlive/2023/texmf-dist/tex/latex/amsfonts/amsfonts.sty
Package: amsfonts 2013/01/14 v3.01 Basic AMSFonts support
\symAMSa=\mathgroup4
\symAMSb=\mathgroup5
LaTeX Font Info:    Redeclaring math symbol \hbar on input line 98.
LaTeX Font Info:    Overwriting math alphabet `\mathfrak' in version `bold'
(Font)                  U/euf/m/n --> U/euf/b/n on input line 106.
))
(/usr/local/texlive/2023/texmf-dist/tex/latex/tools/enumerate.sty
Package: enumerate 2015/07/23 v3.00 enumerate extensions (DPC)
\@enLab=\toks30
)
(/usr/local/texlive/2023/texmf-dist/tex/generic/tex4ht/tex4ht.4ht
version 2022-07-05-14:37
--------------------------------------
--- Note --- for additional information, use the command line option `info'
--------------------------------------

::::::::::::::::::::::::::::::::::::::::::
 TeX4ht info is available in the log file 
::::::::::::::::::::::::::::::::::::::::::
) (/usr/local/texlive/2023/texmf-dist/tex/generic/tex4ht/tex4ht.sty
version 2023-02-03-14:48

(/usr/local/texlive/2023/texmf-dist/tex/latex/graphics/color.sty
Package: color 2022/01/06 v1.3d Standard LaTeX Color (DPC)

(/usr/local/texlive/2023/texmf-dist/tex/latex/graphics-cfg/color.cfg
File: color.cfg 2016/01/02 v1.6 sample color configuration
)
Package color Info: Driver file: dvips.def on input line 149.

(/usr/local/texlive/2023/texmf-dist/tex/latex/graphics-def/dvips.def
File: dvips.def 2022/09/22 v3.1e Graphics/color driver for dvips
)
(/usr/local/texlive/2023/texmf-dist/tex/latex/graphics/dvipsnam.def
File: dvipsnam.def 2016/06/17 v3.0m Driver-dependent file (DPC,SPQR)
)
(/usr/local/texlive/2023/texmf-dist/tex/latex/graphics/mathcolor.ltx))
l.864 --- TeX4ht warning --- nonprimitive \everypar ---
--- needs --- tex4ht test ---
\tmp:cnt=\count278
\openout15 = `test.tmp'.

(./test.tmp)
\tmp:dim=\skip56
--------------------------------------
--- Note --- for XML code, use the command line option `xml' or `xhtml'
--------------------------------------
 (./test.xref)
\:refout=\write3
\openout3 = `test.xref'.


(/usr/local/texlive/2023/texmf-dist/tex/generic/tex4ht/html4.4ht
version 2023-03-02-13:31
--------------------------------------
--- Note --- to remove the <?xml version=...?> processing instruction use the c
ommand line option `no-VERSION'
--------------------------------------
--------------------------------------
--- Note --- to remove the DOCTYPE declaration use the command line option `no-
DOCTYPE'
--------------------------------------
)
(/usr/local/texlive/2023/texmf-dist/tex/generic/tex4ht/html4-math.4ht
version 2022-10-25-13:59
)
--------------------------------------
--- Note --- for marking of the base font, use the command line option `fonts+'

--------------------------------------
--------------------------------------
--- Note --- for non active _, use the command line option `no_'
--------------------------------------
--------------------------------------
--- Note --- for _ of catcode 13, use the command line option `_13'
--------------------------------------
--------------------------------------
--- Note --- for non active ^, use the command line option `no^'
--------------------------------------
--------------------------------------
--- Note --- for ^ of catcode 13, use the command line option `^13'
--------------------------------------

(/usr/local/texlive/2023/texmf-dist/tex/generic/tex4ht/html4.4ht
version 2023-03-02-13:31
--------------------------------------
--- Note --- for alternative charset, use the command line option `charset=...'

--------------------------------------
--------------------------------------
--- Note --- to ignore CSS font decoration, use the `NoFonts' command line opti
on
--------------------------------------
--------------------------------------
--- Note --- for jpg bitmaps of pictures, use the `jpg' command line option. (C
haracter bitmaps are controled only by `g' records of tex4ht.env and `-g' switc
hes of tex4ht.c) 
--------------------------------------
--------------------------------------
--- Note --- for gif bitmaps of pictures, use the `gif' command line option. (C
haracter bitmaps are controled only by `g' records of tex4ht.env and `-g' switc
hes of tex4ht.c) 
--------------------------------------
--------------------------------------
--- Note --- for content and toc in 2 frames, use the command line option `fram
es'
--------------------------------------
--------------------------------------
--- Note --- for content, toc, and footnotes in 3 frames, use the command line 
option `frames-fn'
--------------------------------------
--------------------------------------
--- Note --- for file extension name xht, use the command line option `xht'
--------------------------------------
TeX4ht package options: html
--------------------------------------
--- Note --- To print a timestamp, use the command line option timestamp
--------------------------------------
--------------------------------------
--- Note --- to ignore CSS code, use the command line option `-css
--------------------------------------
--------------------------------------
--- Note --- for inline CSS code, use the command line option `css-in'
--------------------------------------
--------------------------------------
--- Note --- for pop ups on mouse over, use the command line option `mouseover'

--------------------------------------
--------------------------------------
--- Note --- for addressing images in a subdirectory, use the command line opti
on `imgdir:.../'
--------------------------------------
)
(/usr/local/texlive/2023/texmf-dist/tex/generic/tex4ht/html4-math.4ht
version 2022-10-25-13:59
)
\:tokwrite=\toks31
\:tokpage=\toks32
--------------------------------------
--- Note --- for back links to toc, use the command line option `sections+'
--------------------------------------
--------------------------------------
--- Note --- for linear crosslinks of pages, use the command line option `next'

--------------------------------------
\openout15 = `test.4ct'.

\:tocout=\write4
\openout4 = `test.4tc'.


(test.4tc) (/usr/local/texlive/2023/texmf-dist/tex/generic/tex4ht/html4.4ht
version 2023-03-02-13:31
)
(/usr/local/texlive/2023/texmf-dist/tex/generic/tex4ht/html4-math.4ht
version 2022-10-25-13:59
)
(/usr/local/texlive/2023/texmf-dist/tex/generic/tex4ht/latex.4ht
version 2022-12-26-13:00
LaTeX Info: Redefining \_ on input line 177.
LaTeX Info: Redefining \begin on input line 595.
LaTeX Info: Redefining \end on input line 643.
LaTeX Info: Redefining \, on input line 805.
LaTeX Info: Redefining \; on input line 806.
LaTeX Info: Redefining \! on input line 807.
LaTeX Info: Redefining \: on input line 808.
LaTeX Info: Redefining \> on input line 809.
--------------------------------------
--- Note --- for links into captions, instead of float heads, use the command l
ine option `refcaption'
--------------------------------------

(/usr/local/texlive/2023/texmf-dist/tex/generic/tex4ht/html4.4ht
version 2023-03-02-13:31
)
(/usr/local/texlive/2023/texmf-dist/tex/generic/tex4ht/html4-math.4ht
version 2022-10-25-13:59
)
(/usr/local/texlive/2023/texmf-dist/tex/generic/tex4ht/html4.4ht
version 2023-03-02-13:31
--------------------------------------
--- Note --- For mini tocs immediately aftter the header use the command line o
ption `minitoc<'
--------------------------------------
--------------------------------------
--- Note --- for enumerated list elements with valued data, use the command lin
e option `enumerate+'
--------------------------------------
--------------------------------------
--- Note --- for enumerated list elements li's with value attributes, use the c
ommand line option `enumerate-'
--------------------------------------
--------------------------------------
--- Note --- for CSS2 code, use the command line option `css2'
--------------------------------------
--------------------------------------
--- Note --- for pictorial tabular, use the command line option `pic-tabular'
--------------------------------------
--------------------------------------
--- Note --- for bitmap fbox'es, use the command line option `pic-fbox'
--------------------------------------
--------------------------------------
--- Note --- for bitmap framebox'es, use the command line option `pic-framebox'

--------------------------------------
--------------------------------------
--- Note --- for inline footnotes use command line option `fn-in'
--------------------------------------
--------------------------------------
--- Note --- for tracing of latex font commands, use the command line option `f
onts'
--------------------------------------
--------------------------------------
--- Note --- for width specifications of tabular p entries, use the `p-width' c
ommand line option or a configuration similar to \Configure{HColWidth}{\HCode{ 
style="width:\HColWidth"}}
--------------------------------------
)
(/usr/local/texlive/2023/texmf-dist/tex/generic/tex4ht/html4-math.4ht
version 2022-10-25-13:59
--------------------------------------
--- Note --- for pictorial eqnarray, use the command line option `pic-eqnarray'

--------------------------------------
--------------------------------------
--- Note --- for pictorial array, use the command line option `pic-array'
--------------------------------------
--------------------------------------
--- Note --- for pictorial $...$ environments, use the command line option `pic
-m' (not recommended!!)
--------------------------------------
--------------------------------------
--- Note --- for pictorial $...$ and $$...$$ environments with latex alt, use t
he command line option `pic-m+' (not safe!!)
--------------------------------------
--------------------------------------
--- Note --- for pictorial array, use the command line option `pic-array'
--------------------------------------
))
(/usr/local/texlive/2023/texmf-dist/tex/generic/tex4ht/fontmath.4ht
version 2022-10-25-13:59

(/usr/local/texlive/2023/texmf-dist/tex/generic/tex4ht/html4.4ht
version 2023-03-02-13:31
)
(/usr/local/texlive/2023/texmf-dist/tex/generic/tex4ht/html4-math.4ht
version 2022-10-25-13:59
))
(/usr/local/texlive/2023/texmf-dist/tex/generic/tex4ht/article.4ht
version 2023-02-25-15:08

(/usr/local/texlive/2023/texmf-dist/tex/generic/tex4ht/html4.4ht
version 2023-03-02-13:31
--------------------------------------
--- Note --- for automatic sectioning pagination, use the command line option `
1', `2', `3', '4', '5', '6', or '7'
--------------------------------------
--------------------------------------
--- Note --- for files named derived from section titles, use the command line 
option `sec-filename'
--------------------------------------
--------------------------------------
--- Note --- for i-columns index, use the command line option `index=i' (e.g., 
index=2)
--------------------------------------
)
(/usr/local/texlive/2023/texmf-dist/tex/generic/tex4ht/html4-math.4ht
version 2022-10-25-13:59
))
(/usr/local/texlive/2023/texmf-dist/tex/generic/tex4ht/hyperref.4ht
version 2022-07-01-14:27
LaTeX Info: Redefining \autoref on input line 88.
\Hy@SectionHShift=\skip57

(/usr/local/texlive/2023/texmf-dist/tex/generic/tex4ht/html4.4ht
version 2023-03-02-13:31
)
(/usr/local/texlive/2023/texmf-dist/tex/generic/tex4ht/html4-math.4ht
version 2022-10-25-13:59
))
(/usr/local/texlive/2023/texmf-dist/tex/generic/tex4ht/nameref.4ht
version 2022-12-30-15:46

(/usr/local/texlive/2023/texmf-dist/tex/generic/tex4ht/html4.4ht
version 2023-03-02-13:31
)
(/usr/local/texlive/2023/texmf-dist/tex/generic/tex4ht/html4-math.4ht
version 2022-10-25-13:59
))
(/usr/local/texlive/2023/texmf-dist/tex/generic/tex4ht/pd1enc.4ht
version 2009-05-21-09:32

(/usr/local/texlive/2023/texmf-dist/tex/generic/tex4ht/html4.4ht
version 2023-03-02-13:31
)
(/usr/local/texlive/2023/texmf-dist/tex/generic/tex4ht/html4-math.4ht
version 2022-10-25-13:59
))
(/usr/local/texlive/2023/texmf-dist/tex/generic/tex4ht/url.4ht
version 2023-02-19-10:11

(/usr/local/texlive/2023/texmf-dist/tex/generic/tex4ht/html4.4ht
version 2023-03-02-13:31
--------------------------------------
--- Note --- for URL encoding within href use the command line option `url-enc'

--------------------------------------
)
(/usr/local/texlive/2023/texmf-dist/tex/generic/tex4ht/html4-math.4ht
version 2022-10-25-13:59
))
(/usr/local/texlive/2023/texmf-dist/tex/generic/tex4ht/amsmath.4ht
version 2019-12-29-14:17
\tmp:muskip=\muskip18

(/usr/local/texlive/2023/texmf-dist/tex/generic/tex4ht/html4.4ht
version 2023-03-02-13:31
)
(/usr/local/texlive/2023/texmf-dist/tex/generic/tex4ht/html4-math.4ht
version 2022-10-25-13:59
LaTeX Info: Redefining \[ on input line 507.
LaTeX Info: Redefining \] on input line 507.
))
(/usr/local/texlive/2023/texmf-dist/tex/generic/tex4ht/amstext.4ht
version 2009-05-21-09:32

(/usr/local/texlive/2023/texmf-dist/tex/generic/tex4ht/html4.4ht
version 2023-03-02-13:31
)
(/usr/local/texlive/2023/texmf-dist/tex/generic/tex4ht/html4-math.4ht
version 2022-10-25-13:59
))
(/usr/local/texlive/2023/texmf-dist/tex/generic/tex4ht/amsbsy.4ht
version 2009-05-21-09:32

(/usr/local/texlive/2023/texmf-dist/tex/generic/tex4ht/html4.4ht
version 2023-03-02-13:31
)
(/usr/local/texlive/2023/texmf-dist/tex/generic/tex4ht/html4-math.4ht
version 2022-10-25-13:59
))
(/usr/local/texlive/2023/texmf-dist/tex/generic/tex4ht/amsopn.4ht
version 2009-05-21-09:32

(/usr/local/texlive/2023/texmf-dist/tex/generic/tex4ht/html4.4ht
version 2023-03-02-13:31
)
(/usr/local/texlive/2023/texmf-dist/tex/generic/tex4ht/html4-math.4ht
version 2022-10-25-13:59
))
(/usr/local/texlive/2023/texmf-dist/tex/generic/tex4ht/amsthm.4ht
version 2009-05-21-09:32

(/usr/local/texlive/2023/texmf-dist/tex/generic/tex4ht/html4.4ht
version 2023-03-02-13:31
)
(/usr/local/texlive/2023/texmf-dist/tex/generic/tex4ht/html4-math.4ht
version 2022-10-25-13:59
))
(/usr/local/texlive/2023/texmf-dist/tex/generic/tex4ht/amssymb.4ht
version 2009-05-21-09:32

(/usr/local/texlive/2023/texmf-dist/tex/generic/tex4ht/html4.4ht
version 2023-03-02-13:31
)
(/usr/local/texlive/2023/texmf-dist/tex/generic/tex4ht/html4-math.4ht
version 2022-10-25-13:59
))
(/usr/local/texlive/2023/texmf-dist/tex/generic/tex4ht/amsfonts.4ht
version 2009-05-21-09:32

(/usr/local/texlive/2023/texmf-dist/tex/generic/tex4ht/html4.4ht
version 2023-03-02-13:31
)
(/usr/local/texlive/2023/texmf-dist/tex/generic/tex4ht/html4-math.4ht
version 2022-10-25-13:59
))
(/usr/local/texlive/2023/texmf-dist/tex/generic/tex4ht/enumerate.4ht
version 2009-05-21-09:32

(/usr/local/texlive/2023/texmf-dist/tex/generic/tex4ht/html4.4ht
version 2023-03-02-13:31
)
(/usr/local/texlive/2023/texmf-dist/tex/generic/tex4ht/html4-math.4ht
version 2022-10-25-13:59
))
(/usr/local/texlive/2023/texmf-dist/tex/generic/tex4ht/color.4ht
version 2022-02-01-14:27

(/usr/local/texlive/2023/texmf-dist/tex/generic/tex4ht/html4.4ht
version 2023-03-02-13:31
)
(/usr/local/texlive/2023/texmf-dist/tex/generic/tex4ht/html4-math.4ht
version 2022-10-25-13:59
))
(/usr/local/texlive/2023/texmf-dist/tex/generic/tex4ht/dvips.4ht
version 2009-05-21-09:32

(/usr/local/texlive/2023/texmf-dist/tex/generic/tex4ht/html4.4ht
version 2023-03-02-13:31
)
(/usr/local/texlive/2023/texmf-dist/tex/generic/tex4ht/html4-math.4ht
version 2022-10-25-13:59
))
(/usr/local/texlive/2023/texmf-dist/tex/generic/tex4ht/dvipsnam.4ht
version 2009-05-21-09:32

(/usr/local/texlive/2023/texmf-dist/tex/latex/graphics/dvipsnam.def)
(/usr/local/texlive/2023/texmf-dist/tex/generic/tex4ht/html4.4ht
version 2023-03-02-13:31
)
(/usr/local/texlive/2023/texmf-dist/tex/generic/tex4ht/html4-math.4ht
version 2022-10-25-13:59
))
(/usr/local/texlive/2023/texmf-dist/tex/generic/tex4ht/html4.4ht
version 2023-03-02-13:31
)
(/usr/local/texlive/2023/texmf-dist/tex/generic/tex4ht/html4-math.4ht
version 2022-10-25-13:59
))
(/usr/local/texlive/2023/texmf-dist/tex/latex/l3backend/l3backend-dvips.def
File: l3backend-dvips.def 2023-01-16 L3 backend support: dvips
\l__pdf_internal_box=\box53
\g__pdf_backend_object_int=\count279
\l__pdf_backend_content_box=\box54
\l__pdf_backend_model_box=\box55
\g__pdf_backend_annotation_int=\count280
\g__pdf_backend_link_int=\count281
\g__pdf_backend_link_sf_int=\count282
)
(./test.aux)
\openout1 = `test.aux'.

LaTeX Font Info:    Checking defaults for OML/cmm/m/it on input line 29.
LaTeX Font Info:    ... okay on input line 29.
LaTeX Font Info:    Checking defaults for OMS/cmsy/m/n on input line 29.
LaTeX Font Info:    ... okay on input line 29.
LaTeX Font Info:    Checking defaults for OT1/cmr/m/n on input line 29.
LaTeX Font Info:    ... okay on input line 29.
LaTeX Font Info:    Checking defaults for T1/cmr/m/n on input line 29.
LaTeX Font Info:    ... okay on input line 29.
LaTeX Font Info:    Checking defaults for TS1/cmr/m/n on input line 29.
LaTeX Font Info:    ... okay on input line 29.
LaTeX Font Info:    Checking defaults for OMX/cmex/m/n on input line 29.
LaTeX Font Info:    ... okay on input line 29.
LaTeX Font Info:    Checking defaults for U/cmr/m/n on input line 29.
LaTeX Font Info:    ... okay on input line 29.
LaTeX Font Info:    Checking defaults for PD1/pdf/m/n on input line 29.
LaTeX Font Info:    ... okay on input line 29.
LaTeX Font Info:    Checking defaults for PU/pdf/m/n on input line 29.
LaTeX Font Info:    ... okay on input line 29.
Package hyperref Info: Link coloring ON on input line 29.
--- file test.css ---
 [1

] [2]
LaTeX Font Info:    Trying to load font information for U+msa on input line 33.


(/usr/local/texlive/2023/texmf-dist/tex/latex/amsfonts/umsa.fd
File: umsa.fd 2013/01/14 v3.01 AMS symbols A
)
LaTeX Font Info:    Trying to load font information for U+msb on input line 33.


(/usr/local/texlive/2023/texmf-dist/tex/latex/amsfonts/umsb.fd
File: umsb.fd 2013/01/14 v3.01 AMS symbols B
) [3]
l. 38 Writing test.idv[1] (test0x.png)
l. 40 Writing test.idv[2] (test1x.png)
l. 44 Writing test.idv[3] (test2x.png)
l. 44 Writing test.idv[4] (test3x.png)
l. 44 Writing test.idv[5] (test4x.png)
l. 44 Writing test.idv[6] (test5x.png)
 [4]
l. 53 Writing test.idv[7] (test6x.png)
l. 53 Writing test.idv[8] (test7x.png)
l. 53 Writing test.idv[9] (test8x.png)
l. 53 Writing test.idv[10] (test9x.png)
l. 53 Writing test.idv[11] (test10x.png)
l. 53 Writing test.idv[12] (test11x.png)
l. 62 Writing test.idv[13] (test12x.png)
l. 62 Writing test.idv[14] (test13x.png)
l. 62 Writing test.idv[15] (test14x.png)
l. 62 Writing test.idv[16] (test15x.png)
l. 62 Writing test.idv[17] (test16x.png)
l. 62 Writing test.idv[18] (test17x.png)
l. 62 Writing test.idv[19] (test18x.png)
l. 62 Writing test.idv[20] (test19x.png)
l. 62 Writing test.idv[21] (test20x.png)
l. 62 Writing test.idv[22] (test21x.png)
l. 62 Writing test.idv[23] (test22x.png)
l. 62 Writing test.idv[24] (test23x.png)
l. 62 Writing test.idv[25] (test24x.png)
l. 62 Writing test.idv[26] (test25x.png)
l. 62 Writing test.idv[27] (test26x.png)
l. 62 Writing test.idv[28] (test27x.png)

[5]
l. 63 Writing test.idv[29] (test28x.png)
l. 64 Writing test.idv[30] (test29x.png)
 [6]
l. 70 Writing test.idv[31] (test30x.png)
l. 70 Writing test.idv[32] (test31x.png)
l. 70 Writing test.idv[33] (test32x.png)
l. 70 Writing test.idv[34] (test33x.png)
l. 70 Writing test.idv[35] (test34x.png)
l. 70 Writing test.idv[36] (test35x.png)
l. 75 Writing test.idv[37] (test36x.png)
l. 75 Writing test.idv[38] (test37x.png)
l. 75 Writing test.idv[39] (test38x.png)
l. 75 Writing test.idv[40] (test39x.png)
l. 75 Writing test.idv[41] (test40x.png)
 [7]
l. 76 Writing test.idv[42] (test41x.png)
l. 76 Writing test.idv[43] (test42x.png)
l. 78 Writing test.idv[44] (test43x.png)
l. 79 Writing test.idv[45] (test44x.png)
l. 79 Writing test.idv[46] (test45x.png)
l. 79 Writing test.idv[47] (test46x.png)
l. 79 Writing test.idv[48] (test47x.png)
l. 80 Writing test.idv[49] (test48x.png)
 [8]
l. 81 Writing test.idv[50] (test49x.png)
l. 81 Writing test.idv[51] (test50x.png)
l. 81 Writing test.idv[52] (test51x.png)
l. 81 Writing test.idv[53] (test52x.png)
l. 84 Writing test.idv[54] (test53x.png)
l. 85 Writing test.idv[55] (test54x.png)
 [9]
l. 86 Writing test.idv[56] (test55x.png)
l. 86 Writing test.idv[57] (test56x.png)
l. 86 Writing test.idv[58] (test57x.png)
l. 89 Writing test.idv[59] (test58x.png)
l. 90 Writing test.idv[60] (test59x.png)
 [10]
l. 97 Writing test.idv[61] (test60x.png)
l. 97 Writing test.idv[62] (test61x.png)
l. 97 Writing test.idv[63] (test62x.png)
l. 97 Writing test.idv[64] (test63x.png)
l. 97 Writing test.idv[65] (test64x.png)
l. 97 Writing test.idv[66] (test65x.png)
l. 99 Writing test.idv[67] (test66x.png)
 [11]
l. 100 Writing test.idv[68] (test67x.png)
l. 100 Writing test.idv[69] (test68x.png)
l. 102 Writing test.idv[70] (test69x.png)
l. 102 Writing test.idv[71] (test70x.png)
l. 102 Writing test.idv[72] (test71x.png)
l. 110 Writing test.idv[73] (test72x.png)
l. 110 Writing test.idv[74] (test73x.png)
l. 110 Writing test.idv[75] (test74x.png)
l. 110 Writing test.idv[76] (test75x.png)
l. 110 Writing test.idv[77] (test76x.png)
l. 110 Writing test.idv[78] (test77x.png)
l. 110 Writing test.idv[79] (test78x.png)
l. 110 Writing test.idv[80] (test79x.png)
l. 110 Writing test.idv[81] (test80x.png)
l. 110 Writing test.idv[82] (test81x.png)
l. 110 Writing test.idv[83] (test82x.png)
l. 110 Writing test.idv[84] (test83x.png)
l. 110 Writing test.idv[85] (test84x.png)
l. 110 Writing test.idv[86] (test85x.png)
l. 110 Writing test.idv[87] (test86x.png)
l. 110 Writing test.idv[88] (test87x.png)
l. 110 Writing test.idv[89] (test88x.png)
l. 110 Writing test.idv[90] (test89x.png)
l. 110 Writing test.idv[91] (test90x.png)
l. 110 Writing test.idv[92] (test91x.png)
l. 110 Writing test.idv[93] (test92x.png)
l. 110 Writing test.idv[94] (test93x.png)
l. 110 Writing test.idv[95] (test94x.png)
l. 110 Writing test.idv[96] (test95x.png)
l. 110 Writing test.idv[97] (test96x.png)
l. 110 Writing test.idv[98] (test97x.png)
l. 110 Writing test.idv[99] (test98x.png)
l. 110 Writing test.idv[100] (test99x.png)
l. 110 Writing test.idv[101] (test100x.png)
l. 110 Writing test.idv[102] (test101x.png)
l. 110 Writing test.idv[103] (test102x.png)
l. 110 Writing test.idv[104] (test103x.png)
l. 110 Writing test.idv[105] (test104x.png)
l. 110 Writing test.idv[106] (test105x.png)
l. 110 Writing test.idv[107] (test106x.png)
l. 110 Writing test.idv[108] (test107x.png)
l. 110 Writing test.idv[109] (test108x.png)
l. 111 Writing test.idv[110] (test109x.png)
l. 111 Writing test.idv[111] (test110x.png)
l. 111 Writing test.idv[112] (test111x.png)
l. 111 Writing test.idv[113] (test112x.png)
 [12]
l. 115 Writing test.idv[114] (test113x.png)
l. 115 Writing test.idv[115] (test114x.png)
l. 115 Writing test.idv[116] (test115x.png)
l. 115 Writing test.idv[117] (test116x.png)
l. 115 Writing test.idv[118] (test117x.png)
l. 115 Writing test.idv[119] (test118x.png)
l. 115 Writing test.idv[120] (test119x.png)
l. 115 Writing test.idv[121] (test120x.png)
l. 115 Writing test.idv[122] (test121x.png)
l. 115 Writing test.idv[123] (test122x.png)
l. 115 Writing test.idv[124] (test123x.png)
l. 115 Writing test.idv[125] (test124x.png)
l. 115 Writing test.idv[126] (test125x.png)
l. 115 Writing test.idv[127] (test126x.png)
l. 115 Writing test.idv[128] (test127x.png)
l. 115 Writing test.idv[129] (test128x.png)
l. 115 Writing test.idv[130] (test129x.png)
l. 115 Writing test.idv[131] (test130x.png)
l. 124 Writing test.idv[132] (test131x.png)
l. 124 Writing test.idv[133] (test132x.png)
l. 124 Writing test.idv[134] (test133x.png)
l. 124 Writing test.idv[135] (test134x.png)
l. 124 Writing test.idv[136] (test135x.png)
l. 124 Writing test.idv[137] (test136x.png)
l. 124 Writing test.idv[138] (test137x.png)
l. 124 Writing test.idv[139] (test138x.png)
l. 124 Writing test.idv[140] (test139x.png)
l. 124 Writing test.idv[141] (test140x.png)
l. 124 Writing test.idv[142] (test141x.png)
l. 124 Writing test.idv[143] (test142x.png)
l. 124 Writing test.idv[144] (test143x.png)
l. 124 Writing test.idv[145] (test144x.png)
l. 124 Writing test.idv[146] (test145x.png)
l. 124 Writing test.idv[147] (test146x.png)
l. 124 Writing test.idv[148] (test147x.png)
l. 124 Writing test.idv[149] (test148x.png)
l. 124 Writing test.idv[150] (test149x.png)
l. 124 Writing test.idv[151] (test150x.png)
l. 124 Writing test.idv[152] (test151x.png)
l. 124 Writing test.idv[153] (test152x.png)
l. 124 Writing test.idv[154] (test153x.png)
l. 124 Writing test.idv[155] (test154x.png)
l. 124 Writing test.idv[156] (test155x.png)
l. 124 Writing test.idv[157] (test156x.png)
l. 124 Writing test.idv[158] (test157x.png)
l. 124 Writing test.idv[159] (test158x.png)
l. 124 Writing test.idv[160] (test159x.png)
l. 124 Writing test.idv[161] (test160x.png)
l. 124 Writing test.idv[162] (test161x.png)
 [13]
l. 125 Writing test.idv[163] (test162x.png)
l. 125 Writing test.idv[164] (test163x.png)
l. 125 Writing test.idv[165] (test164x.png)
l. 125 Writing test.idv[166] (test165x.png)
l. 128 Writing test.idv[167] (test166x.png)
l. 132 Writing test.idv[168] (test167x.png)
l. 138 Writing test.idv[169] (test168x.png)
l. 138 Writing test.idv[170] (test169x.png)
l. 138 Writing test.idv[171] (test170x.png)
l. 138 Writing test.idv[172] (test171x.png)
l. 138 Writing test.idv[173] (test172x.png)
 [14]
l. 139 Writing test.idv[174] (test173x.png)
l. 150 Writing test.idv[175] (test174x.png)
l. 150 Writing test.idv[176] (test175x.png)
l. 150 Writing test.idv[177] (test176x.png)
l. 150 Writing test.idv[178] (test177x.png)
l. 150 Writing test.idv[179] (test178x.png)
l. 150 Writing test.idv[180] (test179x.png)
l. 150 Writing test.idv[181] (test180x.png)
 [15]
l. 152 Writing test.idv[182] (test181x.png)
l. 152 Writing test.idv[183] (test182x.png)
l. 162 Writing test.idv[184] (test183x.png)
l. 162 Writing test.idv[185] (test184x.png)
l. 162 Writing test.idv[186] (test185x.png)
l. 162 Writing test.idv[187] (test186x.png)
l. 162 Writing test.idv[188] (test187x.png)
 [16]
l. 171 Writing test.idv[189] (test188x.png)
l. 171 Writing test.idv[190] (test189x.png)
l. 171 Writing test.idv[191] (test190x.png)
l. 171 Writing test.idv[192] (test191x.png)
l. 171 Writing test.idv[193] (test192x.png)
 [17]
l. 172 Writing test.idv[194] (test193x.png)
l. 172 Writing test.idv[195] (test194x.png)
 [18] (./test.aux) ) 
Here is how much of TeX's memory you used:
 12927 strings out of 476026
 187077 string characters out of 5790043
 1871385 words of memory out of 5000000
 33141 multiletter control sequences out of 15000+600000
 520011 words of font info for 63 fonts, out of 8000000 for 9000
 1141 hyphenation exceptions out of 8191
 80i,16n,96p,935b,868s stack positions out of 10000i,1000n,20000p,200000b,200000s

Output written on test.dvi (18 pages, 105484 bytes).
